freemkv <VER>

CSS: Encrypted

Titles

   1. VTS_02_3.VOB     1h 59m    6.3 GB  0 clips

      Video:     MPEG-2 480i 29.97fps

      Audio:     English DD 5.1 (Dolby Digital 5.1)
                 English DD stereo (Dolby Digital 2.0)
                 English DD stereo (Dolby Digital 2.0)

      Subtitle:  English
                 Spanish

   2. VTS_11_26.VOB    0h 07m    0.4 GB  0 clips

      Video:     MPEG-2 480i 29.97fps

      Audio:     English DD stereo (Dolby Digital 2.0)

      Subtitle:  English
                 Spanish

   3. VTS_11_21.VOB    0h 05m    0.2 GB  0 clips

      Video:     MPEG-2 480i 29.97fps

      Audio:     English DD stereo (Dolby Digital 2.0)

      Subtitle:  English
                 Spanish

   4. VTS_11_29.VOB    0h 02m    0.1 GB  0 clips

      Video:     MPEG-2 480i 29.97fps

      Audio:     English DD stereo (Dolby Digital 2.0)

      Subtitle:  English
                 Spanish

   5. VTS_11_27.VOB    0h 02m    0.1 GB  0 clips

      Video:     MPEG-2 480i 29.97fps

      Audio:     English DD stereo (Dolby Digital 2.0)

      Subtitle:  English
                 Spanish

+33 more (use --full to show all)
